[0.286s] Invoking command in '/home/ml_nd/bumperbot_ws/build/bumperbot_controller': /usr/bin/cmake --build /home/ml_nd/bumperbot_ws/build/bumperbot_controller -- -j4 -l4
[0.329s] -- Found ament_cmake: 1.3.7 (/opt/ros/humble/share/ament_cmake/cmake)
[0.637s] -- Found rclcpp: 16.0.8 (/opt/ros/humble/share/rclcpp/cmake)
[0.704s] -- Found rosidl_generator_c: 3.1.5 (/opt/ros/humble/share/rosidl_generator_c/cmake)
[0.710s] -- Found rosidl_adapter: 3.1.5 (/opt/ros/humble/share/rosidl_adapter/cmake)
[0.720s] -- Found rosidl_generator_cpp: 3.1.5 (/opt/ros/humble/share/rosidl_generator_cpp/cmake)
[0.743s] -- Using all available rosidl_typesupport_c: rosidl_typesupport_fastrtps_c;rosidl_typesupport_introspection_c
[0.773s] -- Using all available rosidl_typesupport_cpp: rosidl_typesupport_fastrtps_cpp;rosidl_typesupport_introspection_cpp
[0.863s] -- Found rmw_implementation_cmake: 6.1.1 (/opt/ros/humble/share/rmw_implementation_cmake/cmake)
[0.867s] -- Found rmw_fastrtps_cpp: 6.2.6 (/opt/ros/humble/share/rmw_fastrtps_cpp/cmake)
[1.110s] -- Found OpenSSL: /usr/lib/x86_64-linux-gnu/libcrypto.so (found version "3.0.2")  
[1.194s] -- Found FastRTPS: /opt/ros/humble/include  
[1.285s] -- Using RMW implementation 'rmw_fastrtps_cpp' as default
[1.308s] -- Looking for pthread.h
[1.446s] -- Looking for pthread.h - found
[1.446s] -- Performing Test CMAKE_HAVE_LIBC_PTHREAD
[1.729s] -- Performing Test CMAKE_HAVE_LIBC_PTHREAD - Success
[1.731s] -- Found Threads: TRUE  
[2.097s] -- Found rclpy: 3.3.11 (/opt/ros/humble/share/rclpy/cmake)
[2.103s] -- Found geometry_msgs: 4.2.3 (/opt/ros/humble/share/geometry_msgs/cmake)
[2.344s] Error parsing '/home/ml_nd/bumperbot_ws/src/bumperbot_controller/package.xml':
[2.413s] Traceback (most recent call last):
[2.414s]   File "/home/ml_nd/.local/lib/python3.10/site-packages/catkin_pkg/package.py", line 610, in parse_package_string
[2.417s]     root = dom.parseString(data)
[2.417s]   File "/usr/lib/python3.10/xml/dom/minidom.py", line 2000, in parseString
[2.423s]     return expatbuilder.parseString(string)
[2.423s]   File "/usr/lib/python3.10/xml/dom/expatbuilder.py", line 925, in parseString
[2.427s]     return builder.parseString(string)
[2.428s]   File "/usr/lib/python3.10/xml/dom/expatbuilder.py", line 223, in parseString
[2.428s]     parser.Parse(string, True)
[2.428s] xml.parsers.expat.ExpatError: XML or text declaration not at start of entity: line 1, column 2
[2.428s] 
[2.428s] During handling of the above exception, another exception occurred:
[2.428s] 
[2.428s] Traceback (most recent call last):
[2.428s]   File "/opt/ros/humble/share/ament_cmake_core/cmake/core/package_xml_2_cmake.py", line 150, in <module>
[2.428s]     main()
[2.428s]   File "/opt/ros/humble/share/ament_cmake_core/cmake/core/package_xml_2_cmake.py", line 53, in main
[2.429s]     raise e
[2.429s]   File "/opt/ros/humble/share/ament_cmake_core/cmake/core/package_xml_2_cmake.py", line 49, in main
[2.429s]     package = parse_package_string(
[2.429s]   File "/home/ml_nd/.local/lib/python3.10/site-packages/catkin_pkg/package.py", line 612, in parse_package_string
[2.429s]     raise InvalidPackage('The manifest contains invalid XML:\n%s' % ex, filename)
[2.429s] catkin_pkg.package.InvalidPackage: Error(s) in package '/home/ml_nd/bumperbot_ws/src/bumperbot_controller/package.xml':
[2.429s] The manifest contains invalid XML:
[2.429s] XML or text declaration not at start of entity: line 1, column 2
[2.460s] [31mCMake Error at /opt/ros/humble/share/ament_cmake_core/cmake/core/ament_package_xml.cmake:95 (message):
[2.460s]   execute_process(/usr/bin/python3.10
[2.460s]   /opt/ros/humble/share/ament_cmake_core/cmake/core/package_xml_2_cmake.py
[2.460s]   /home/ml_nd/bumperbot_ws/src/bumperbot_controller/package.xml
[2.460s]   /home/ml_nd/bumperbot_ws/build/bumperbot_controller/ament_cmake_core/package.cmake)
[2.460s]   returned error code 1
[2.460s] Call Stack (most recent call first):
[2.460s]   /opt/ros/humble/share/ament_cmake_core/cmake/core/ament_package_xml.cmake:49 (_ament_package_xml)
[2.460s]   /opt/ros/humble/share/ament_cmake_python/cmake/ament_python_install_package.cmake:60 (ament_package_xml)
[2.461s]   /opt/ros/humble/share/ament_cmake_python/cmake/ament_python_install_package.cmake:39 (_ament_cmake_python_install_package)
[2.461s]   CMakeLists.txt:18 (ament_python_install_package)
[2.461s] 
[2.461s] [0m
[2.461s] -- Configuring incomplete, errors occurred!
[2.461s] See also "/home/ml_nd/bumperbot_ws/build/bumperbot_controller/CMakeFiles/CMakeOutput.log".
[2.467s] gmake: *** [Makefile:226: cmake_check_build_system] Error 1
[2.467s] Invoked command in '/home/ml_nd/bumperbot_ws/build/bumperbot_controller' returned '2': /usr/bin/cmake --build /home/ml_nd/bumperbot_ws/build/bumperbot_controller -- -j4 -l4
